---
source: evaluator/src/tests.rs
expression: "format!(\"{}\", evaluator.run().unwrap().1)"
---
b: 3
a: 1
c: 2
