myJob:
  name: myJob
myCronJob:
  name: myJob
name: myJob
