x0:
  name: kcl
  age: 1
  data:
    id: 1
all_main_persons:
- name: kcl
  age: 1
  data:
    id: 1
all_persons:
- name: kcl
  age: 1
  data:
    id: 1
- name: kcl
  age: 101
  data:
    id: 1
- name: kcl
  age: 1
  data:
    id: 1
