content: |
  <div class="entry">
  <h1>Yehuda Katz</h1>
  </div>
